Microchip MPLAB XC8 Compiler V3.10

Linker command line:

-W-3 \
  --edf=C:\Program Files\Microchip\xc8\v3.10\pic\dat\20250813170317_en.msgs \
  -cn -h+dist/default/production\Car_black_box.X.production.sym \
  --cmf=dist/default/production\Car_black_box.X.production.cmf -z -Q16F877A \
  -oC:\Users\HP\AppData\Local\Temp\xcAsc74.0\driver_tmp_3.o \
  --defsym=__MPLAB_BUILD=1 --fixupoverflow=error \
  -Mdist/default/production/Car_black_box.X.production.map \
  --md=C:\Users\HP\AppData\Local\Temp\xcAsc74.0\driver_tmp_0.dat -E1 \
  -ver=XC8 Compiler -ACODE=00h-07FFhx4 -ASTRCODE=00h-01FFFh \
  -ASTRING=00h-0FFhx32 -ACONST=00h-0FFhx32 -AENTRY=00h-0FFhx32 \
  -ACOMMON=070h-07Fh -ABANK0=020h-06Fh -ABANK1=0A0h-0EFh \
  -ABANK2=0110h-016Fh -ABANK3=0190h-01EFh \
  -ARAM=020h-06Fh,0A0h-0EFh,0110h-016Fh,0190h-01EFh \
  -AABS1=020h-07Fh,0A0h-0EFh,0110h-016Fh,0190h-01EFh -ASFR0=00h-01Fh \
  -ASFR1=080h-09Fh -ASFR2=0100h-010Fh -ASFR3=0180h-018Fh \
  -ACONFIG=02007h-02007h -DCONFIG=2 -AIDLOC=02000h-02003h -DIDLOC=2 \
  -AEEDATA=00h-0FFh/02100h -peeprom_data=EEDATA -DEEDATA=2 -DCODE=2 \
  -DSTRCODE=2 -DSTRING=2 -DCONST=2 -DENTRY=2 \
  -preset_vec=00h,intentry=04h,sivt,init,end_init -ppowerup=CODE \
  -pcinit=CODE -pfunctab=ENTRY -k \
  C:\Users\HP\AppData\Local\Temp\xcAsc74.0\driver_tmp_12.o \
  dist/default/production\Car_black_box.X.production.o 

Object code version is 3.11

Machine type is 16F877A



                Name                               Link     Load   Length Selector   Space Scale
C:\Users\HP\AppData\Local\Temp\xcAsc74.0\driver_tmp_12.o
                end_init                              C        C        3        8       0
                reset_vec                             0        0        3        0       0
                config                             2007     2007        1        0       4
dist/default/production\Car_black_box.X.production.o
                cinit                                 F        F       2F        8       0
                intentry                              4        4        8        8       0
                config                             2007     2007        1        0       4
                text53                              801      801       33     1002       0
                text52                             15C6     15C6       44     2B8C       0
                text51                             130D     130D       20     261A       0
                text50                             1494     1494       2F     2928       0
                text49                             12C1     12C1       15     2582       0
                text48                             1266     1266       11     24CC       0
                text47                             1259     1259        D     24B2       0
                text46                             121B     121B        9     2436       0
                text45                             1224     1224        9     2448       0
                text44                             122D     122D        B     245A       0
                text43                             14C3     14C3       30     2986       0
                text42                             13E5     13E5       2B     27CA       0
                text41                             160A     160A       4B     2C14       0
                text40                              D3F      D3F      125     1A7E       0
                text39                             136F     136F       26     26DE       0
                text38                              8F8      8F8       63     11F0       0
                text37                             16F8     16F8       57     2DF0       0
                text36                             132D     132D       21     265A       0
                text35                             1238     1238        B     2470       0
                text34                             1410     1410       2B     2820       0
                text33                              95B      95B       63     12B6       0
                text32                              834      834       62     1068       0
                text31                             16A4     16A4       54     2D48       0
                text30                             1243     1243        B     2486       0
                text29                              A24      A24       83     1448       0
                text28                             129B     129B       13     2536       0
                text27                             143B     143B       2B     2876       0
                text26                             1655     1655       4F     2CAA       0
                text25                             1395     1395       26     272A       0
                text24                              896      896       62     112C       0
                text23                             120C     120C        7     2418       0
                text22                             174F     174F       57     2E9E       0
                text21                             124E     124E        B     249C       0
                text20                             1206     1206        6     240C       0
                text19                             12EF     12EF       1E     25DE       0
                text18                             1277     1277       12     24EE       0
                text17                              9BE      9BE       66     137C       0
                text16                             1524     1524       32     2A48       0
                text15                              7F3      7F3        D        8       0
                text14                             14F3     14F3       31     29E6       0
                text13                             158C     158C       3A     2B18       0
                text12                             1466     1466       2E     28CC       0
                text11                             1556     1556       36     2AAC       0
                text10                             17A6     17A6       5A     2F4C       0
                text9                               E64      E64      19C     1CC8       0
                text8                               BD4      BD4       AF     17A8       0
                text7                              1289     1289       12     2512       0
                text6                              13BB     13BB       2A     2776       0
                text5                               C83      C83       BC     1906       0
                text4                               43B      43B      3B8        8       0
                text3                              134E     134E       21     269C       0
                text2                               AA7      AA7       91     154E       0
                text1                               B38      B38       9C     1670       0
                maintext                             3E       3E      3FD        8       0
                cstackBANK0                          20       20       32       20       1
                cstackCOMMON                         70       70        A       70       1
                clrtext                            1213     1213        8     2426       0
                inittext                           12AE     12AE       13     255C       0
                dataBANK1                            C7       C7       19       A0       1
                bssBANK1                             A0       A0       27       A0       1
                dataBANK0                            6F       6F        1       20       1
                bssBANK0                             52       52       1D       20       1
                dataCOMMON                           7B       7B        1       70       1
                bssCOMMON                            7A       7A        1       70       1
                stringtext                         1000     1000      18A       20       0
                strings                            118A     118A       12     2314       0
                idataBANK1                         12D6     12D6       19     25AC       0
                idataBANK0                          800      800        1        8       0
                idataCOMMON                           3        3        1        0       0

TOTAL           Name                               Link     Load   Length     Space
        CLASS   CODE           
                end_init                              C        C        3         0
                cinit                                 F        F       2F         0
                intentry                              4        4        8         0
                reset_vec                             0        0        3         0
                text53                              801      801       33         0
                text52                             15C6     15C6       44         0
                text51                             130D     130D       20         0
                text50                             1494     1494       2F         0
                text49                             12C1     12C1       15         0
                text48                             1266     1266       11         0
                text47                             1259     1259        D         0
                text46                             121B     121B        9         0
                text45                             1224     1224        9         0
                text44                             122D     122D        B         0
                text43                             14C3     14C3       30         0
                text42                             13E5     13E5       2B         0
                text41                             160A     160A       4B         0
                text40                              D3F      D3F      125         0
                text39                             136F     136F       26         0
                text38                              8F8      8F8       63         0
                text37                             16F8     16F8       57         0
                text36                             132D     132D       21         0
                text35                             1238     1238        B         0
                text34                             1410     1410       2B         0
                text33                              95B      95B       63         0
                text32                              834      834       62         0
                text31                             16A4     16A4       54         0
                text30                             1243     1243        B         0
                text29                              A24      A24       83         0
                text28                             129B     129B       13         0
                text27                             143B     143B       2B         0
                text26                             1655     1655       4F         0
                text25                             1395     1395       26         0
                text24                              896      896       62         0
                text23                             120C     120C        7         0
                text22                             174F     174F       57         0
                text21                             124E     124E        B         0
                text20                             1206     1206        6         0
                text19                             12EF     12EF       1E         0
                text18                             1277     1277       12         0
                text17                              9BE      9BE       66         0
                text16                             1524     1524       32         0
                text15                              7F3      7F3        D         0
                text14                             14F3     14F3       31         0
                text13                             158C     158C       3A         0
                text12                             1466     1466       2E         0
                text11                             1556     1556       36         0
                text10                             17A6     17A6       5A         0
                text9                               E64      E64      19C         0
                text8                               BD4      BD4       AF         0
                text7                              1289     1289       12         0
                text6                              13BB     13BB       2A         0
                text5                               C83      C83       BC         0
                text4                               43B      43B      3B8         0
                text3                              134E     134E       21         0
                text2                               AA7      AA7       91         0
                text1                               B38      B38       9C         0
                maintext                             3E       3E      3FD         0
                clrtext                            1213     1213        8         0
                inittext                           12AE     12AE       13         0
                idataBANK1                         12D6     12D6       19         0
                idataBANK0                          800      800        1         0
                idataCOMMON                           3        3        1         0

        CLASS   STRCODE        
                stringtext                         1000     1000      18A         0

        CLASS   STRING         
                strings                            118A     118A       12         0

        CLASS   CONST          

        CLASS   ENTRY          

        CLASS   COMMON         
                cstackCOMMON                         70       70        A         1
                dataCOMMON                           7B       7B        1         1
                bssCOMMON                            7A       7A        1         1

        CLASS   BANK0          
                cstackBANK0                          20       20       32         1
                dataBANK0                            6F       6F        1         1
                bssBANK0                             52       52       1D         1

        CLASS   BANK1          
                dataBANK1                            C7       C7       19         1
                bssBANK1                             A0       A0       27         1

        CLASS   BANK2          

        CLASS   BANK3          

        CLASS   RAM            

        CLASS   ABS1           
                abs_s1                               7E       7E        2         1

        CLASS   SFR0           

        CLASS   SFR1           

        CLASS   SFR2           

        CLASS   SFR3           

        CLASS   CONFIG         
                config                             2007     2007        1         4

        CLASS   IDLOC          

        CLASS   EEDATA         

        CLASS   HEAP           

        CLASS   STACK          



SEGMENTS        Name                           Load    Length   Top    Selector   Space  Class     Delta

                reset_vec                      000000  000004  000004         0       0  CODE        2
                intentry                       000004  0007FD  000801         8       0  CODE        2
                cstackBANK0                    000020  000050  000070        20       1  BANK0       1
                cstackCOMMON                   000070  00000C  00007C        70       1  COMMON      1
                bssBANK1                       0000A0  000040  0000E0        A0       1  BANK1       1
                text53                         000801  000033  000834      1002       0  CODE        2
                text32                         000834  000062  000896      1068       0  CODE        2
                text24                         000896  000062  0008F8      112C       0  CODE        2
                text38                         0008F8  000063  00095B      11F0       0  CODE        2
                text33                         00095B  000063  0009BE      12B6       0  CODE        2
                text17                         0009BE  000066  000A24      137C       0  CODE        2
                text29                         000A24  000083  000AA7      1448       0  CODE        2
                text2                          000AA7  000091  000B38      154E       0  CODE        2
                text1                          000B38  00009C  000BD4      1670       0  CODE        2
                text8                          000BD4  0000AF  000C83      17A8       0  CODE        2
                text5                          000C83  0000BC  000D3F      1906       0  CODE        2
                text40                         000D3F  000125  000E64      1A7E       0  CODE        2
                text9                          000E64  00019C  001000      1CC8       0  CODE        2
                stringtext                     001000  00018A  00118A        20       0  STRCODE     2
                strings                        00118A  000012  00119C      2314       0  STRING      2
                text20                         001206  000006  00120C      240C       0  CODE        2
                text23                         00120C  000007  001213      2418       0  CODE        2
                clrtext                        001213  000008  00121B      2426       0  CODE        2
                text46                         00121B  000009  001224      2436       0  CODE        2
                text45                         001224  000009  00122D      2448       0  CODE        2
                text44                         00122D  00000B  001238      245A       0  CODE        2
                text35                         001238  00000B  001243      2470       0  CODE        2
                text30                         001243  00000B  00124E      2486       0  CODE        2
                text21                         00124E  00000B  001259      249C       0  CODE        2
                text47                         001259  00000D  001266      24B2       0  CODE        2
                text48                         001266  000011  001277      24CC       0  CODE        2
                text18                         001277  000012  001289      24EE       0  CODE        2
                text7                          001289  000012  00129B      2512       0  CODE        2
                text28                         00129B  000013  0012AE      2536       0  CODE        2
                inittext                       0012AE  000013  0012C1      255C       0  CODE        2
                text49                         0012C1  000015  0012D6      2582       0  CODE        2
                idataBANK1                     0012D6  000019  0012EF      25AC       0  CODE        2
                text19                         0012EF  00001E  00130D      25DE       0  CODE        2
                text51                         00130D  000020  00132D      261A       0  CODE        2
                text36                         00132D  000021  00134E      265A       0  CODE        2
                text3                          00134E  000021  00136F      269C       0  CODE        2
                text39                         00136F  000026  001395      26DE       0  CODE        2
                text25                         001395  000026  0013BB      272A       0  CODE        2
                text6                          0013BB  00002A  0013E5      2776       0  CODE        2
                text42                         0013E5  00002B  001410      27CA       0  CODE        2
                text34                         001410  00002B  00143B      2820       0  CODE        2
                text27                         00143B  00002B  001466      2876       0  CODE        2
                text12                         001466  00002E  001494      28CC       0  CODE        2
                text50                         001494  00002F  0014C3      2928       0  CODE        2
                text43                         0014C3  000030  0014F3      2986       0  CODE        2
                text14                         0014F3  000031  001524      29E6       0  CODE        2
                text16                         001524  000032  001556      2A48       0  CODE        2
                text11                         001556  000036  00158C      2AAC       0  CODE        2
                text13                         00158C  00003A  0015C6      2B18       0  CODE        2
                text52                         0015C6  000044  00160A      2B8C       0  CODE        2
                text41                         00160A  00004B  001655      2C14       0  CODE        2
                text26                         001655  00004F  0016A4      2CAA       0  CODE        2
                text31                         0016A4  000054  0016F8      2D48       0  CODE        2
                text37                         0016F8  000057  00174F      2DF0       0  CODE        2
                text22                         00174F  000057  0017A6      2E9E       0  CODE        2
                text10                         0017A6  00005A  001800      2F4C       0  CODE        2


UNUSED ADDRESS RANGES

        Name                Unused          Largest block    Delta
        BANK1            00E0-00EF             10           1
        BANK2            0110-016F             60           1
        BANK3            0190-01EF             60           1
        CODE             119C-1205             6A           2
                         1800-1FFF            800
        COMMON           007C-007D              2           1
        CONST            119C-1205             64           2
                         1800-1FFF            100
        EEDATA           2100-21FF            100           2
        ENTRY            119C-1205             64           2
                         1800-1FFF            100
        IDLOC            2000-2003              4           2
        RAM              00E0-00EF             10           1
                         0110-016F             60
                         0190-01EF             60
        SFR0             0000-001F             20           1
        SFR1             0080-009F             20           1
        SFR2             0100-010F             10           1
        SFR3             0180-018F             10           1
        STRCODE          119C-1205             6A           2
                         1800-1FFF            800
        STRING           119C-1205             64           2
                         1800-1FFF            100

                                  Symbol Table

?___awdiv                        cstackCOMMON 0072
?___awmod                        cstackCOMMON 0072
?___lldiv                        cstackCOMMON 0072
?___lwdiv                        cstackCOMMON 0076
?_read_adc                       cstackCOMMON 0072
?_strncmp                        cstackCOMMON 0072
_ACKDT                           (abs)        048D
_ACKEN                           (abs)        048C
_ACKSTAT                         (abs)        048E
_ADFM                            (abs)        04FF
_ADON                            (abs)        00F8
_ADRESH                          (abs)        001E
_ADRESL                          (abs)        009E
_CREN                            (abs)        00C4
_GIE                             (abs)        005F
_GO                              (abs)        00FA
_PEIE                            (abs)        005E
_PEN                             (abs)        048A
_PORTB                           (abs)        0006
_PORTD                           (abs)        0008
_PR2                             (abs)        0092
_RCEN                            (abs)        048B
_RCIE                            (abs)        0465
_RCIF                            (abs)        0065
_RCREG                           (abs)        001A
_RE1                             (abs)        0049
_RE2                             (abs)        004A
_R_nW                            (abs)        04A2
_SEN                             (abs)        0488
_SPBRG                           (abs)        0099
_SPEN                            (abs)        00C7
_SSPADD                          (abs)        0093
_SSPBUF                          (abs)        0013
_SSPCON2                         (abs)        0091
_SSPEN                           (abs)        00A5
_SSPM3                           (abs)        00A3
_T2CKPS0                         (abs)        0090
_T2CKPS1                         (abs)        0091
_TMR2IE                          (abs)        0461
_TMR2IF                          (abs)        0061
_TMR2ON                          (abs)        0092
_TRISB                           (abs)        0086
_TRISD                           (abs)        0088
_TRISE1                          (abs)        0449
_TRISE2                          (abs)        044A
_TXIF                            (abs)        0064
_TXREG                           (abs)        0019
__H__absolute__                  __absolute__ 0000
__Habs1                          abs1         0000
__Hbank0                         bank0        0000
__Hbank1                         bank1        0000
__Hbank2                         bank2        0000
__Hbank3                         bank3        0000
__HbssBANK0                      bssBANK0     0000
__HbssBANK1                      bssBANK1     0000
__HbssCOMMON                     bssCOMMON    0000
__Hcinit                         cinit        003E
__Hclrtext                       clrtext      0000
__Hcode                          code         0000
__Hcommon                        common       0000
__Hconfig                        config       2008
__HcstackBANK0                   cstackBANK0  0000
__HcstackCOMMON                  cstackCOMMON 0000
__HdataBANK0                     dataBANK0    0000
__HdataBANK1                     dataBANK1    0000
__HdataCOMMON                    dataCOMMON   0000
__Heeprom_data                   eeprom_data  0000
__Hend_init                      end_init     000F
__Hfunctab                       functab      0000
__Hheap                          heap         0000
__HidataBANK0                    idataBANK0   0000
__HidataBANK1                    idataBANK1   0000
__HidataCOMMON                   idataCOMMON  0000
__Hinit                          init         000C
__Hinittext                      inittext     0000
__Hintentry                      intentry     000C
__Hmaintext                      maintext     0000
__Hpowerup                       powerup      0000
__Hram                           ram          0000
__Hreset_vec                     reset_vec    0003
__Hsfr0                          sfr0         0000
__Hsfr1                          sfr1         0000
__Hsfr2                          sfr2         0000
__Hsfr3                          sfr3         0000
__Hsivt                          sivt         000C
__Hspace_0                       (abs)        1800
__Hspace_1                       (abs)        00E0
__Hspace_2                       (abs)        0000
__Hspace_3                       (abs)        0000
__Hspace_4                       (abs)        400F
__Hstack                         stack        0000
__Hstrings                       strings      0000
__Hstringtext                    stringtext   0000
__Htext                          text         0000
__L__absolute__                  __absolute__ 0000
__Labs1                          abs1         0000
__Lbank0                         bank0        0000
__Lbank1                         bank1        0000
__Lbank2                         bank2        0000
__Lbank3                         bank3        0000
__LbssBANK0                      bssBANK0     0000
__LbssBANK1                      bssBANK1     0000
__LbssCOMMON                     bssCOMMON    0000
__Lcinit                         cinit        000F
__Lclrtext                       clrtext      0000
__Lcode                          code         0000
__Lcommon                        common       0000
__Lconfig                        config       0000
__LcstackBANK0                   cstackBANK0  0000
__LcstackCOMMON                  cstackCOMMON 0000
__LdataBANK0                     dataBANK0    0000
__LdataBANK1                     dataBANK1    0000
__LdataCOMMON                    dataCOMMON   0000
__Leeprom_data                   eeprom_data  0000
__Lend_init                      end_init     000C
__Lfunctab                       functab      0000
__Lheap                          heap         0000
__LidataBANK0                    idataBANK0   0000
__LidataBANK1                    idataBANK1   0000
__LidataCOMMON                   idataCOMMON  0000
__Linit                          init         000C
__Linittext                      inittext     0000
__Lintentry                      intentry     0004
__Lmaintext                      maintext     0000
__Lpowerup                       powerup      0000
__Lram                           ram          0000
__Lreset_vec                     reset_vec    0000
__Lsfr0                          sfr0         0000
__Lsfr1                          sfr1         0000
__Lsfr2                          sfr2         0000
__Lsfr3                          sfr3         0000
__Lsivt                          sivt         000C
__Lspace_0                       (abs)        0000
__Lspace_1                       (abs)        0000
__Lspace_2                       (abs)        0000
__Lspace_3                       (abs)        0000
__Lspace_4                       (abs)        0000
__Lstack                         stack        0000
__Lstrings                       strings      0000
__Lstringtext                    stringtext   0000
__Ltext                          text         0000
__S0                             (abs)        1800
__S1                             (abs)        00E0
__S3                             (abs)        0000
___awdiv                         text38       08F8
___awdiv@counter                 cstackCOMMON 0076
___awdiv@dividend                cstackCOMMON 0074
___awdiv@divisor                 cstackCOMMON 0072
___awdiv@quotient                cstackCOMMON 0078
___awdiv@sign                    cstackCOMMON 0077
___awmod                         text37       16F8
___awmod@counter                 cstackCOMMON 0076
___awmod@dividend                cstackCOMMON 0074
___awmod@divisor                 cstackCOMMON 0072
___awmod@sign                    cstackCOMMON 0077
___bmul                          text28       129B
___bmul@multiplicand             cstackCOMMON 0072
___bmul@multiplier               cstackCOMMON 0074
___bmul@product                  cstackCOMMON 0073
___heap_hi                       (abs)        0000
___heap_lo                       (abs)        0000
___int_sp                        stack        0000
___int_stack_hi                  stack        0000
___int_stack_lo                  stack        0000
___latbits                       (abs)        0002
___lldiv                         text17       09BE
___lldiv@counter                 cstackBANK0  0025
___lldiv@dividend                cstackCOMMON 0076
___lldiv@divisor                 cstackCOMMON 0072
___lldiv@quotient                cstackBANK0  0021
___lwdiv                         text52       15C6
___lwdiv@counter                 cstackBANK0  0022
___lwdiv@dividend                cstackCOMMON 0078
___lwdiv@divisor                 cstackCOMMON 0076
___lwdiv@quotient                cstackBANK0  0020
___sp                            stack        0000
___stack_hi                      stack        0000
___stack_lo                      stack        0000
___stackhi                       (abs)        0000
___stacklo                       (abs)        0000
__end_of___awdiv                 text38       095B
__end_of___awmod                 text37       174F
__end_of___bmul                  text28       12AE
__end_of___lldiv                 text17       0A24
__end_of___lwdiv                 text52       160A
__end_of__initialization         cinit        003A
__end_of__stringtab              strings      119C
__end_of_change_passwd           text40       0E64
__end_of_clcd_print              text50       14C3
__end_of_clcd_putch              text49       12D6
__end_of_clcd_write              text51       132D
__end_of_clear_log               text39       1395
__end_of_clear_screen            text48       1277
__end_of_display_dashboard       text31       16F8
__end_of_display_time            text32       0896
__end_of_display_uart            text29       0AA7
__end_of_download_log            text24       08F8
__end_of_get_saved_log           text26       16A4
__end_of_get_time                text33       09BE
__end_of_i2c_read                text36       134E
__end_of_i2c_rep_start           text35       1243
__end_of_i2c_start               text46       1224
__end_of_i2c_stop                text45       122D
__end_of_i2c_wait_for_idle       text47       1266
__end_of_i2c_write               text44       1238
__end_of_init_adc                text23       1213
__end_of_init_clcd               text21       1259
__end_of_init_config             text13       15C6
__end_of_init_digital_keypad     text20       120C
__end_of_init_display_controller text22       17A6
__end_of_init_ds1307             text18       1289
__end_of_init_i2c                text16       1556
__end_of_init_timer2             text15       0800
__end_of_init_uart               text14       1524
__end_of_isr                     text53       0834
__end_of_log_car_event           text12       1494
__end_of_log_event               text10       1800
__end_of_login                   text9        1000
__end_of_main                    maintext     043B
__end_of_menu_screen             text8        0C83
__end_of_print_log               text2        0B38
__end_of_putchar                 text30       124E
__end_of_puts                    text25       13BB
__end_of_read_adc                text7        129B
__end_of_read_digital_keypad     text6        13E5
__end_of_read_ds1307             text34       143B
__end_of_read_external_eeprom    text27       1466
__end_of_save_time               text5        0D3F
__end_of_set_time                text4        07F3
__end_of_str_write_ext_eeprom    text42       1410
__end_of_strcpy                  text3        136F
__end_of_strncmp                 text41       1655
__end_of_strncpy                 text11       158C
__end_of_view_log                text1        0BD4
__end_of_write_ds1307            text19       130D
__end_of_write_external_eeprom   text43       14F3
__initialization                 cinit        000F
__pbssBANK0                      bssBANK0     0052
__pbssBANK1                      bssBANK1     00A0
__pbssCOMMON                     bssCOMMON    007A
__pcstackBANK0                   cstackBANK0  0020
__pcstackCOMMON                  cstackCOMMON 0070
__pdataBANK0                     dataBANK0    006F
__pdataBANK1                     dataBANK1    00C7
__pdataCOMMON                    dataCOMMON   007B
__pidataBANK0                    idataBANK0   0800
__pidataBANK1                    idataBANK1   12D6
__pidataCOMMON                   idataCOMMON  0003
__pintentry                      intentry     0004
__pmaintext                      maintext     003E
__pstrings                       strings      118A
__pstringtext                    stringtext   1000
__ptext1                         text1        0B38
__ptext10                        text10       17A6
__ptext11                        text11       1556
__ptext12                        text12       1466
__ptext13                        text13       158C
__ptext14                        text14       14F3
__ptext15                        text15       07F3
__ptext16                        text16       1524
__ptext17                        text17       09BE
__ptext18                        text18       1277
__ptext19                        text19       12EF
__ptext2                         text2        0AA7
__ptext20                        text20       1206
__ptext21                        text21       124E
__ptext22                        text22       174F
__ptext23                        text23       120C
__ptext24                        text24       0896
__ptext25                        text25       1395
__ptext26                        text26       1655
__ptext27                        text27       143B
__ptext28                        text28       129B
__ptext29                        text29       0A24
__ptext3                         text3        134E
__ptext30                        text30       1243
__ptext31                        text31       16A4
__ptext32                        text32       0834
__ptext33                        text33       095B
__ptext34                        text34       1410
__ptext35                        text35       1238
__ptext36                        text36       132D
__ptext37                        text37       16F8
__ptext38                        text38       08F8
__ptext39                        text39       136F
__ptext4                         text4        043B
__ptext40                        text40       0D3F
__ptext41                        text41       160A
__ptext42                        text42       13E5
__ptext43                        text43       14C3
__ptext44                        text44       122D
__ptext45                        text45       1224
__ptext46                        text46       121B
__ptext47                        text47       1259
__ptext48                        text48       1266
__ptext49                        text49       12C1
__ptext5                         text5        0C83
__ptext50                        text50       1494
__ptext51                        text51       130D
__ptext52                        text52       15C6
__ptext53                        text53       0801
__ptext6                         text6        13BB
__ptext7                         text7        1289
__ptext8                         text8        0BD4
__ptext9                         text9        0E64
__stringbase                     strings      119C
__stringtab                      strings      118A
_change_passwd                   text40       0D3F
_change_passwd$431               cstackBANK0  0026
_clcd_print                      text50       1494
_clcd_putch                      text49       12C1
_clcd_write                      text51       130D
_clear_log                       text39       136F
_clear_screen                    text48       1266
_clock_reg                       bssBANK0     0058
_display_dashboard               text31       16A4
_display_time                    text32       0834
_display_uart                    text29       0A24
_download_log                    text24       0896
_get_saved_log                   text26       1655
_get_time                        text33       095B
_i2c_read                        text36       132D
_i2c_rep_start                   text35       1238
_i2c_start                       text46       121B
_i2c_stop                        text45       1224
_i2c_wait_for_idle               text47       1259
_i2c_write                       text44       122D
_init_adc                        text23       120C
_init_clcd                       text21       124E
_init_config                     text13       158C
_init_digital_keypad             text20       1206
_init_display_controller         text22       174F
_init_ds1307                     text18       1277
_init_i2c                        text16       1524
_init_timer2                     text15       07F3
_init_uart                       text14       14F3
_isr                             text53       0801
_log                             bssBANK1     00A7
_log_car_event                   text12       1466
_log_count                       bssBANK0     006D
_log_event                       text10       17A6
_log_flag                        bssBANK0     006E
_login                           text9        0E64
_main                            maintext     003E
_menu                            dataBANK1    00D3
_menu_pos                        bssBANK0     006A
_menu_screen                     text8        0BD4
_nDONE                           (abs)        00FA
_pos                             bssCOMMON    007A
_print_log                       text2        0AA7
_putchar                         text30       1243
_puts                            text25       1395
_read_adc                        text7        1289
_read_digital_keypad             text6        13BB
_read_ds1307                     text34       1410
_read_external_eeprom            text27       143B
_return_time                     bssBANK0     006B
_save_time                       text5        0C83
_saved_ev                        bssBANK0     0055
_saved_sp                        bssBANK0     0052
_saved_time                      bssBANK1     00A0
_sec                             bssBANK0     006C
_set_time                        text4        043B
_str_write_ext_eeprom            text42       13E5
_strcpy                          text3        134E
_strncmp                         text41       160A
_strncpy                         text11       1556
_sw_p                            dataBANK0    006F
_time                            bssBANK1     00B2
_view_log                        text1        0B38
_write_ds1307                    text19       12EF
_write_external_eeprom           text43       14C3
btemp                            (abs)        007E
btemp0                           (abs)        007E
btemp1                           (abs)        007F
change_passwd@flag               bssBANK0     0061
change_passwd@i                  bssBANK0     0060
change_passwd@key                cstackBANK0  0028
change_passwd@new_pass           bssBANK1     00BE
change_passwd@re_enter           bssBANK1     00B9
change_passwd@reset_flag         cstackBANK0  0022
change_passwd@val                bssBANK0     005F
clcd_print@addr                  cstackCOMMON 0078
clcd_print@str                   cstackCOMMON 0076
clcd_putch@addr                  cstackBANK0  0020
clcd_putch@data                  cstackBANK0  0021
clcd_write@byte                  cstackCOMMON 0075
clcd_write@mode                  cstackCOMMON 0072
clear_log@reset_flag             cstackCOMMON 0079
clear_ram0                       clrtext      1213
display_dashboard@event          cstackBANK0  0022
display_dashboard@speed          cstackBANK0  0023
display_uart@view_pos            cstackCOMMON 0073
download_log@i_396               cstackCOMMON 0079
end_of_initialization            cinit        003A
get_saved_log@addr               cstackCOMMON 0077
get_saved_log@i                  cstackCOMMON 0078
get_saved_log@view_pos           cstackCOMMON 0076
i2c_read@ack                     cstackCOMMON 0072
i2c_read@data                    cstackCOMMON 0073
i2c_write@data                   cstackCOMMON 0072
init_ds1307@dummy                cstackCOMMON 0076
init_fetch0                      inittext     12AE
init_i2c@baud                    cstackBANK0  0026
init_ram0                        inittext     12B2
init_uart@baud                   cstackBANK0  0026
interrupt_function               intentry     0004
intlevel0                        functab      0000
intlevel1                        functab      0000
intlevel2                        functab      0000
intlevel3                        functab      0000
intlevel4                        functab      0000
intlevel5                        functab      0000
isr@count                        bssBANK0     005B
log_car_event@addr               cstackBANK0  0020
log_event@event                  cstackBANK0  0021
log_event@speed                  cstackBANK0  0022
login@attempts_left              bssBANK0     0068
login@i                          bssBANK0     0069
login@j                          cstackBANK0  002B
login@key                        cstackBANK0  002A
login@reset_flag                 cstackBANK0  0022
login@stored_passwd              cstackBANK0  0026
login@user_passwd                bssBANK1     00C3
ltemp0a                          (abs)        0080
main@F1224                       dataBANK1    00DD
main@F1231                       dataBANK1    00C7
main@event                       cstackBANK0  0046
main@gear                        cstackBANK0  0033
main@gr                          cstackBANK0  004A
main@i                           cstackBANK0  003F
main@i_174                       cstackBANK0  0041
main@key                         cstackBANK0  0051
main@menu                        cstackBANK0  0045
main@operation_flag              cstackBANK0  0050
main@passwd                      cstackBANK0  0049
main@press_time                  cstackBANK0  004D
main@prev_key                    cstackBANK0  004C
main@reset_flag                  cstackBANK0  004F
main@speed                       cstackBANK0  004B
main@time                        cstackBANK0  0044
main@view                        cstackBANK0  0043
menu_screen@key                  cstackBANK0  0025
menu_screen@reset_flag           cstackBANK0  0022
print_log@view_pos               cstackBANK0  0022
putchar@data                     cstackCOMMON 0072
puts@s                           cstackCOMMON 0073
read_adc@adc_reg_val             cstackCOMMON 0074
read_digital_keypad@mode         cstackCOMMON 0073
read_digital_keypad@once         dataCOMMON   007B
read_ds1307@addr                 cstackCOMMON 0074
read_ds1307@data                 cstackCOMMON 0075
read_external_eeprom@address     cstackCOMMON 0074
read_external_eeprom@data        cstackCOMMON 0075
reset_vec                        reset_vec    0000
save_time@hr                     cstackBANK0  0029
save_time@min                    cstackBANK0  0020
save_time@sec                    cstackBANK0  0021
saved_w                          (abs)        007E
set_time@blink_flag              bssBANK0     0062
set_time@delay                   bssBANK0     005D
set_time@field                   bssBANK0     0063
set_time@hr                      bssBANK0     0066
set_time@key                     cstackBANK0  002E
set_time@min                     bssBANK0     0065
set_time@reset_flag              cstackBANK0  002A
set_time@sec                     bssBANK0     0064
start                            init         000C
start_initialization             cinit        000F
str_write_ext_eeprom@addr        cstackCOMMON 0079
str_write_ext_eeprom@data        cstackCOMMON 0077
strcpy@d                         cstackCOMMON 0077
strcpy@dest                      cstackCOMMON 0072
strcpy@src                       cstackCOMMON 0073
strncmp@l                        cstackCOMMON 0072
strncmp@n                        cstackCOMMON 0074
strncmp@r                        cstackCOMMON 0073
strncpy@cp                       cstackCOMMON 0076
strncpy@d                        cstackCOMMON 0072
strncpy@n                        cstackCOMMON 0074
strncpy@s                        cstackCOMMON 0073
ttemp0a                          (abs)        007F
view_log@key                     cstackBANK0  0024
view_log@reset_flag              cstackBANK0  0023
view_log@view_pos                bssBANK0     0067
write_ds1307@addr                cstackCOMMON 0074
write_ds1307@data                cstackCOMMON 0073
write_external_eeprom@address    cstackCOMMON 0074
write_external_eeprom@data       cstackCOMMON 0073
write_external_eeprom@wait       cstackCOMMON 0075
wtemp0                           (abs)        007E
wtemp0a                          (abs)        007F


MODULE INFORMATION

Module		Function		Class		Link	Load	Size
timers.c
		_init_timer2   		CODE           	07F3	0000	13

timers.c estimated size: 13

digital_keypad.c
		_init_digital_keypad		CODE           	1206	0000	6
		_read_digital_keypad		CODE           	13BB	0000	42

digital_keypad.c estimated size: 48

C:\Program Files\Microchip\xc8\v3.10\pic\sources\c99\common\awmod.c
		___awmod       		CODE           	16F8	0000	87

C:\Program Files\Microchip\xc8\v3.10\pic\sources\c99\common\awmod.c estimated size: 87

uart.c
		_init_uart     		CODE           	14F3	0000	49
		_puts          		CODE           	1395	0000	38
		_putchar       		CODE           	1243	0000	11

uart.c estimated size: 98

i2c.c
		_i2c_start     		CODE           	121B	0000	9
		_i2c_rep_start 		CODE           	1238	0000	11
		_i2c_write     		CODE           	122D	0000	11
		_i2c_stop      		CODE           	1224	0000	9
		_i2c_read      		CODE           	132D	0000	33
		_init_i2c      		CODE           	1524	0000	50
		_i2c_wait_for_idle		CODE           	1259	0000	13

i2c.c estimated size: 136

ds1307.c
		_read_ds1307   		CODE           	1410	0000	43
		_write_ds1307  		CODE           	12EF	0000	30
		_init_ds1307   		CODE           	1277	0000	18

ds1307.c estimated size: 91

C:\Program Files\Microchip\xc8\v3.10\pic\sources\c99\common\lwdiv.c
		___lwdiv       		CODE           	15C6	0000	68

C:\Program Files\Microchip\xc8\v3.10\pic\sources\c99\common\lwdiv.c estimated size: 68

C:\Program Files\Microchip\xc8\v3.10\pic\sources\c99\common\awdiv.c
		___awdiv       		CODE           	08F8	0000	99

C:\Program Files\Microchip\xc8\v3.10\pic\sources\c99\common\awdiv.c estimated size: 99

adc.c
		_init_adc      		CODE           	120C	0000	7
		_read_adc      		CODE           	1289	0000	18

adc.c estimated size: 25

C:\Program Files\Microchip\xc8\v3.10\pic\sources\c99\common\Umul8.c
		___bmul        		CODE           	129B	0000	19

C:\Program Files\Microchip\xc8\v3.10\pic\sources\c99\common\Umul8.c estimated size: 19

isr.c
		_isr           		CODE           	0801	0000	51

isr.c estimated size: 51

external_eeprom.c
		_write_external_eeprom		CODE           	14C3	0000	48
		_str_write_ext_eeprom		CODE           	13E5	0000	43
		_read_external_eeprom		CODE           	143B	0000	43

external_eeprom.c estimated size: 134

shared
		__stringtab    		STRING         	118A	0000	18
		__initialization		CODE           	000F	0000	43

shared estimated size: 61

clcd.c
		_clcd_write    		CODE           	130D	0000	32
		_clcd_print    		CODE           	1494	0000	47
		_clcd_putch    		CODE           	12C1	0000	21
		_init_display_controller		CODE           	174F	0000	87
		_init_clcd     		CODE           	124E	0000	11

clcd.c estimated size: 198

car_black_box_def.c
		_view_log      		CODE           	0B38	0000	156
		_log_car_event 		CODE           	1466	0000	46
		_display_time  		CODE           	0834	0000	98
		_display_uart  		CODE           	0A24	0000	131
		_menu_screen   		CODE           	0BD4	0000	175
		_display_dashboard		CODE           	16A4	0000	84
		_get_time      		CODE           	095B	0000	99
		_clear_screen  		CODE           	1266	0000	17
		_save_time     		CODE           	0C83	0000	188
		_print_log     		CODE           	0AA7	0000	145
		_download_log  		CODE           	0896	0000	98
		_log_event     		CODE           	17A6	0000	90
		_set_time      		CODE           	043B	0000	952
		_clear_log     		CODE           	136F	0000	38
		_change_passwd 		CODE           	0D3F	0000	293
		_get_saved_log 		CODE           	1655	0000	79
		_login         		CODE           	0E64	0000	412

car_black_box_def.c estimated size: 3101

C:\Program Files\Microchip\xc8\v3.10\pic\sources\c99\common\strcpy.c
		_strcpy        		CODE           	134E	0000	33

C:\Program Files\Microchip\xc8\v3.10\pic\sources\c99\common\strcpy.c estimated size: 33

C:\Program Files\Microchip\xc8\v3.10\pic\sources\c99\common\strncmp.c
		_strncmp       		CODE           	160A	0000	75

C:\Program Files\Microchip\xc8\v3.10\pic\sources\c99\common\strncmp.c estimated size: 75

C:\Program Files\Microchip\xc8\v3.10\pic\sources\c99\common\strncpy.c
		_strncpy       		CODE           	1556	0000	54

C:\Program Files\Microchip\xc8\v3.10\pic\sources\c99\common\strncpy.c estimated size: 54

C:\Program Files\Microchip\xc8\v3.10\pic\sources\c99\common\__lldiv.c
		___lldiv       		CODE           	09BE	0000	102

C:\Program Files\Microchip\xc8\v3.10\pic\sources\c99\common\__lldiv.c estimated size: 102

main.c
		_main          		CODE           	003E	0000	1021
		_init_config   		CODE           	158C	0000	58

main.c estimated size: 1079

